 Onra2

 Timestamp is 5bf82e23 (Fri Nov 23 17:43:15 2018)

 Preferred load address is 10000000

 Start         Length     Name                   Class
 0001:00000000 00005c6dH .text$mn                CODE
 0001:00005c6d 00000082H .text$x                 CODE
 0002:00000000 00000160H .idata$5                DATA
 0002:00000160 00000004H .00cfg                  DATA
 0002:00000164 00000004H .CRT$XCA                DATA
 0002:00000168 00000004H .CRT$XCZ                DATA
 0002:0000016c 00000004H .CRT$XIA                DATA
 0002:00000170 00000004H .CRT$XIZ                DATA
 0002:00000174 00000004H .CRT$XPA                DATA
 0002:00000178 00000004H .CRT$XPZ                DATA
 0002:0000017c 00000004H .CRT$XTA                DATA
 0002:00000180 00000010H .CRT$XTZ                DATA
 0002:00000184 00000000H .gfids$y                DATA
 0002:00000190 00000780H .rdata                  DATA
 0002:00000910 0000012cH .rdata$r                DATA
 0002:00000a3c 000002c8H .rdata$zzzdbg           DATA
 0002:00000d04 00000004H .rtc$IAA                DATA
 0002:00000d08 00000004H .rtc$IZZ                DATA
 0002:00000d0c 00000004H .rtc$TAA                DATA
 0002:00000d10 00000008H .rtc$TZZ                DATA
 0002:00000d18 0000017cH .xdata$x                DATA
 0002:00000e94 00000000H .edata                  DATA
 0002:00000e94 000000c8H .idata$2                DATA
 0002:00000f5c 00000014H .idata$3                DATA
 0002:00000f70 00000160H .idata$4                DATA
 0002:000010d0 000006a6H .idata$6                DATA
 0003:00000000 00000254H .data                   DATA
 0003:00000254 0000007cH .data$r                 DATA
 0003:000002d0 00000c70H .bss                    DATA
 0004:00000000 000000a0H .rsrc$01                DATA
 0004:000000a0 000004e0H .rsrc$02                DATA

  Address         Publics by Value              Rva+Base       Lib:Object

 0000:00000000       ___guard_iat_count         00000000     <absolute>
 0000:00000000       ___guard_longjmp_count     00000000     <absolute>
 0000:00000000       ___guard_fids_table        00000000     <absolute>
 0000:00000000       ___guard_iat_table         00000000     <absolute>
 0000:00000000       ___hybrid_code_map         00000000     <absolute>
 0000:00000000       ___dynamic_value_reloc_table 00000000     <absolute>
 0000:00000000       ___hybrid_auxiliary_iat    00000000     <absolute>
 0000:00000000       ___hybrid_code_map_count   00000000     <absolute>
 0000:00000000       ___guard_longjmp_table     00000000     <absolute>
 0000:00000000       ___enclave_config          00000000     <absolute>
 0000:00000000       ___volatile_metadata       00000000     <absolute>
 0000:00000000       ___guard_fids_count        00000000     <absolute>
 0000:00000000       ___safe_se_handler_table   00000000     <absolute>
 0000:00000000       ___safe_se_handler_count   00000000     <absolute>
 0000:00000100       ___guard_flags             00000100     <absolute>
 0000:00000000       ___ImageBase               10000000     <linker-defined>
 0001:00000000       ___local_stdio_printf_options 10001000 f i Base.obj
 0001:00000006       ?Text@Menu@@QAEXHHPADKK@Z  10001006 f   Base.obj
 0001:000000ba       ?NewText@Menu@@QAEXHHPADKK@Z 100010ba f   Base.obj
 0001:00000158       ?DrawBox@Menu@@QAEXHHHHKPAUIDirect3DDevice9@@@Z 10001158 f   Base.obj
 0001:00000268       ?DrawBorder@Menu@@QAEXHHHHHKPAUIDirect3DDevice9@@@Z 10001268 f   Base.obj
 0001:000002e8       ?Line@@YAXMMMMMK@Z         100012e8 f   Base.obj
 0001:0000039c       ?IsInBox@@YAHHHHH@Z        1000139c f   Base.obj
 0001:00000400       ?State_Key@@YAHHK@Z        10001400 f   Base.obj
 0001:0000045a       ?DrawFolderMenu@Menu@@QAEXHHPAD0PAUIDirect3DDevice9@@@Z 1000145a f   Base.obj
 0001:00000496       ?MyFolder@Menu@@QAEXPADAA_NPAUIDirect3DDevice9@@@Z 10001496 f   Base.obj
 0001:00000580       ?MyButtons@Menu@@QAEXPADAA_NPAUIDirect3DDevice9@@@Z 10001580 f   Base.obj
 0001:0000065c       ?Engine_Scroll@Menu@@QAEXAAHPAPADHPADPAUIDirect3DDevice9@@@Z 1000165c f   Base.obj
 0001:0000077e       ?DrawMessage@Menu@@QAE_NPAUID3DXFont@@IIHEEEPBD@Z 1000177e f   Base.obj
 0001:000007df       ?DirectEngine@Menu@@QAEXPAUIDirect3DDevice9@@@Z 100017df f   Base.obj
 0001:00000d98       ?GetWorldPos@IEntity@@QAE?AUVec3@@XZ 10001d98 f i Base.obj
 0001:00000dde       _String                    10001dde f   Base.obj
 0001:00000e76       ?GetPlayerPos@@YA?AUVec3@@PAUIEntity@@@Z 10001e76 f   Base.obj
 0001:00000ec3       ?GetBonePositionByID@@YA?AUVec3@@PAUIEntity@@H@Z 10001ec3 f   Base.obj
 0001:00000f93       ?GetTeam@@YAHPAVIActor@@@Z 10001f93 f   Base.obj
 0001:00000fb3       ?M1Team@@YA_NPAVIActor@@0@Z 10001fb3 f   Base.obj
 0001:00000fd5       ?WorldToScreen@@YA_NUVec3@@PAU1@@Z 10001fd5 f   Base.obj
 0001:000010b5       ?isVisible@@YAHUVec3@@0@Z  100020b5 f   Base.obj
 0001:00001145       ?BoneLine@@YIXHHPAUIEntity@@K@Z 10002145 f   Base.obj
 0001:000011e5       ?Circle@@YIXHHHHK@Z        100021e5 f   Base.obj
 0001:00001339       ?DrawSkeleton@@YIXPAUIEntity@@K@Z 10002339 f   Base.obj
 0001:00001694       _Aim                       10002694 f   Base.obj
 0001:00001928       _Box3D                     10002928 f   Base.obj
 0001:00001cf2       ?DrawBoundingBox@@YAXPAUIEntity@@KPAUIDirect3DDevice9@@@Z 10002cf2 f   Base.obj
 0001:00001df5       _totallynothing            10002df5 f   Base.obj
 0001:0000210f       ?StartThread@@YGIPAX@Z     1000310f f   Base.obj
 0001:00002129       ?DirectXInit@@YGKPAX@Z     10003129 f   Base.obj
 0001:000022e9       _DllMain@12                100032e9 f   Base.obj
 0001:00002340       ?DrawIndexedPrimitive_hook@@YGJPAUIDirect3DDevice9@@W4_D3DPRIMITIVETYPE@@HIIII@Z 10003340 f   Base.obj
 0001:0000234a       ?EndScene_hook@@YGJPAUIDirect3DDevice9@@@Z 1000334a f   Base.obj
 0001:00003617       ?Reset_hook@@YGJPAUIDirect3DDevice9@@PAU_D3DPRESENT_PARAMETERS_@@@Z 10004617 f   Base.obj
 0001:00003711       ?find@?$basic_string@DU?$char_traits@D@std@@V?$allocator@D@2@@std@@QBEIABV12@I@Z 10004711 f i Base.obj
 0001:00003797       ??1?$basic_string@DU?$char_traits@D@std@@V?$allocator@D@2@@std@@QAE@XZ 10004797 f i Base.obj
 0001:000037bb       ??0?$basic_string@DU?$char_traits@D@std@@V?$allocator@D@2@@std@@QAE@QBD@Z 100047bb f i Base.obj
 0001:00003820       ?deallocate@?$allocator@D@std@@QAEXQADI@Z 10004820 f i Base.obj
 0001:00003929       ?_Xlen@?$basic_string@DU?$char_traits@D@std@@V?$allocator@D@2@@std@@SAXXZ 10004929 f i Base.obj
 0001:00003935       _AllocateBuffer            10004935 f   buffer.obj
 0001:000039a8       _FreeBuffer                100049a8 f   buffer.obj
 0001:000039f5       _IsExecutableAddress       100049f5 f   buffer.obj
 0001:00003a34       _hde32_disasm              10004a34 f   hde32.obj
 0001:00004539       _MH_Uninitialize@0         10005539 f   hook.obj
 0001:000045c8       _MH_CreateHook@12          100055c8 f   hook.obj
 0001:000047b1       _CreateTrampolineFunction  100057b1 f   trampoline.obj
 0001:00004a43       @__security_check_cookie@4 10005a43 f   MSVCRT:_secchk_.obj
 0001:00004a54       ??2@YAPAXI@Z               10005a54 f   MSVCRT:new_scalar.obj
 0001:00004a84       ??3@YAXPAXI@Z              10005a84 f   MSVCRT:delete_scalar_size.obj
 0001:00004db2       __DllMainCRTStartup@12     10005db2 f   MSVCRT:dll_dllmain.obj
 0001:00004dd5       ___raise_securityfailure   10005dd5 f   MSVCRT:gs_report.obj
 0001:00004dfd       ___report_gsfailure        10005dfd f   MSVCRT:gs_report.obj
 0001:00004ef6       ??0bad_alloc@std@@QAE@ABV01@@Z 10005ef6 f i MSVCRT:throw_bad_alloc.obj
 0001:00004f11       ??0bad_alloc@std@@QAE@XZ   10005f11 f i MSVCRT:throw_bad_alloc.obj
 0001:00004f29       ??0bad_array_new_length@std@@QAE@ABV01@@Z 10005f29 f i MSVCRT:throw_bad_alloc.obj
 0001:00004f44       ??0bad_array_new_length@std@@QAE@XZ 10005f44 f i MSVCRT:throw_bad_alloc.obj
 0001:00004f5c       ??0exception@std@@QAE@ABV01@@Z 10005f5c f i MSVCRT:throw_bad_alloc.obj
 0001:00004f88       ??1bad_alloc@std@@UAE@XZ   10005f88 f i MSVCRT:throw_bad_alloc.obj
 0001:00004f88       ??1bad_array_new_length@std@@UAE@XZ 10005f88 f i MSVCRT:throw_bad_alloc.obj
 0001:00004f99       ??_Gexception@std@@UAEPAXI@Z 10005f99 f i MSVCRT:throw_bad_alloc.obj
 0001:00004f99       ??_Gbad_alloc@std@@UAEPAXI@Z 10005f99 f i MSVCRT:throw_bad_alloc.obj
 0001:00004f99       ??_Eexception@std@@UAEPAXI@Z 10005f99 f i MSVCRT:throw_bad_alloc.obj
 0001:00004f99       ??_Ebad_alloc@std@@UAEPAXI@Z 10005f99 f i MSVCRT:throw_bad_alloc.obj
 0001:00004f99       ??_Gbad_array_new_length@std@@UAEPAXI@Z 10005f99 f i MSVCRT:throw_bad_alloc.obj
 0001:00004f99       ??_Ebad_array_new_length@std@@UAEPAXI@Z 10005f99 f i MSVCRT:throw_bad_alloc.obj
 0001:00004fc6       ?__scrt_throw_std_bad_alloc@@YAXXZ 10005fc6 f   MSVCRT:throw_bad_alloc.obj
 0001:00004fe3       ?__scrt_throw_std_bad_array_new_length@@YAXXZ 10005fe3 f   MSVCRT:throw_bad_alloc.obj
 0001:00005000       ?what@exception@std@@UBEPBDXZ 10006000 f i MSVCRT:throw_bad_alloc.obj
 0001:0000500d       ??3@YAXPAX@Z               1000600d f   MSVCRT:delete_scalar.obj
 0001:0000505f       ___security_init_cookie    1000605f f   MSVCRT:gs_support.obj
 0001:000050aa       ?__scrt_initialize_type_info@@YAXXZ 100060aa f   MSVCRT:tncleanup.obj
 0001:000050b6       ?__scrt_uninitialize_type_info@@YAXXZ 100060b6 f   MSVCRT:tncleanup.obj
 0001:000050c2       ___local_stdio_scanf_options 100060c2 f i MSVCRT:default_local_stdio_options.obj
 0001:000050c8       ___scrt_initialize_default_local_stdio_options 100060c8 f   MSVCRT:default_local_stdio_options.obj
 0001:00005129       ___scrt_acquire_startup_lock 10006129 f   MSVCRT:utility.obj
 0001:0000515b       ___scrt_dllmain_after_initialize_c 1000615b f   MSVCRT:utility.obj
 0001:00005186       ___scrt_dllmain_before_initialize_c 10006186 f   MSVCRT:utility.obj
 0001:00005194       ___scrt_dllmain_crt_thread_attach 10006194 f   MSVCRT:utility.obj
 0001:000051b3       ___scrt_dllmain_crt_thread_detach 100061b3 f   MSVCRT:utility.obj
 0001:000051c0       ___scrt_dllmain_exception_filter 100061c0 f   MSVCRT:utility.obj
 0001:000051f4       ___scrt_dllmain_uninitialize_c 100061f4 f   MSVCRT:utility.obj
 0001:00005217       ___scrt_dllmain_uninitialize_critical 10006217 f   MSVCRT:utility.obj
 0001:00005224       ___scrt_initialize_crt     10006224 f   MSVCRT:utility.obj
 0001:0000525d       ___scrt_initialize_onexit_tables 1000625d f   MSVCRT:utility.obj
 0001:00005302       ___scrt_is_nonwritable_in_current_image 10006302 f   MSVCRT:utility.obj
 0001:00005396       ___scrt_release_startup_lock 10006396 f   MSVCRT:utility.obj
 0001:000053b3       ___scrt_uninitialize_crt   100063b3 f   MSVCRT:utility.obj
 0001:000053db       ___scrt_get_dyn_tls_init_callback 100063db f   MSVCRT:dyn_tls_init.obj
 0001:000053e1       ___scrt_fastfail           100063e1 f   MSVCRT:utility_desktop.obj
 0001:000054fb       __crt_debugger_hook        100064fb f   MSVCRT:utility_desktop.obj
 0001:00005503       __RTC_Initialize           10006503 f   MSVCRT:_initsect_.obj
 0001:0000552f       __RTC_Terminate            1000652f f   MSVCRT:_initsect_.obj
 0001:00005560       __SEH_prolog4              10006560 f   MSVCRT:_sehprolg4_.obj
 0001:000055a6       __SEH_epilog4              100065a6 f   MSVCRT:_sehprolg4_.obj
 0001:000055bb       __except_handler4          100065bb f   MSVCRT:_chandler4gs_.obj
 0001:000055de       @_guard_check_icall_nop@4  100065de f i MSVCRT:guard_support.obj
 0001:000055df       ??_Gtype_info@@UAEPAXI@Z   100065df f i MSVCRT:std_type_info_static.obj
 0001:000055df       ??_Etype_info@@UAEPAXI@Z   100065df f i MSVCRT:std_type_info_static.obj
 0001:00005602       ___isa_available_init      10006602 f   MSVCRT:_cpu_disp_.obj
 0001:00005799       __get_startup_argv_mode    10006799 f   MSVCRT:argv_mode.obj
 0001:0000579d       ___scrt_is_ucrt_dll_in_use 1000679d f   MSVCRT:ucrt_detection.obj
 0001:000057a9       ___CxxFrameHandler3        100067a9 f   vcruntime:VCRUNTIME140.dll
 0001:000057af       ___std_exception_copy      100067af f   vcruntime:VCRUNTIME140.dll
 0001:000057b5       ___std_exception_destroy   100067b5 f   vcruntime:VCRUNTIME140.dll
 0001:000057bb       __CxxThrowException@8      100067bb f   vcruntime:VCRUNTIME140.dll
 0001:000057c1       ___std_type_info_destroy_list 100067c1 f   vcruntime:VCRUNTIME140.dll
 0001:000057c7       _memset                    100067c7 f   vcruntime:VCRUNTIME140.dll
 0001:000057cd       __except_handler4_common   100067cd f   vcruntime:VCRUNTIME140.dll
 0001:000057d3       _malloc                    100067d3 f   ucrt:api-ms-win-crt-heap-l1-1-0.dll
 0001:000057d9       __callnewh                 100067d9 f   ucrt:api-ms-win-crt-heap-l1-1-0.dll
 0001:000057df       __initterm                 100067df f   ucrt:api-ms-win-crt-runtime-l1-1-0.dll
 0001:000057e5       __initterm_e               100067e5 f   ucrt:api-ms-win-crt-runtime-l1-1-0.dll
 0001:000057eb       _free                      100067eb f   ucrt:api-ms-win-crt-heap-l1-1-0.dll
 0001:000057f1       __seh_filter_dll           100067f1 f   ucrt:api-ms-win-crt-runtime-l1-1-0.dll
 0001:000057f7       __configure_narrow_argv    100067f7 f   ucrt:api-ms-win-crt-runtime-l1-1-0.dll
 0001:000057fd       __initialize_narrow_environment 100067fd f   ucrt:api-ms-win-crt-runtime-l1-1-0.dll
 0001:00005803       __initialize_onexit_table  10006803 f   ucrt:api-ms-win-crt-runtime-l1-1-0.dll
 0001:00005809       __execute_onexit_table     10006809 f   ucrt:api-ms-win-crt-runtime-l1-1-0.dll
 0001:0000580f       __cexit                    1000680f f   ucrt:api-ms-win-crt-runtime-l1-1-0.dll
 0001:00005815       _IsProcessorFeaturePresent@4 10006815 f   kernel32:KERNEL32.dll
 0001:0000581b       ___acrt_uninitialize_critical 1000681b f   MSVCRT:ucrt_stubs.obj
 0001:0000581b       ___scrt_stub_for_acrt_thread_detach 1000681b f   MSVCRT:ucrt_stubs.obj
 0001:0000581b       ___acrt_thread_attach      1000681b f   MSVCRT:ucrt_stubs.obj
 0001:0000581b       ___scrt_stub_for_acrt_uninitialize 1000681b f   MSVCRT:ucrt_stubs.obj
 0001:0000581b       ___vcrt_uninitialize       1000681b f   MSVCRT:ucrt_stubs.obj
 0001:0000581b       ___scrt_stub_for_acrt_initialize 1000681b f   MSVCRT:ucrt_stubs.obj
 0001:0000581b       ___vcrt_thread_detach      1000681b f   MSVCRT:ucrt_stubs.obj
 0001:0000581b       ___vcrt_initialize         1000681b f   MSVCRT:ucrt_stubs.obj
 0001:0000581b       ___acrt_uninitialize       1000681b f   MSVCRT:ucrt_stubs.obj
 0001:0000581b       ___acrt_initialize         1000681b f   MSVCRT:ucrt_stubs.obj
 0001:0000581b       ___vcrt_uninitialize_critical 1000681b f   MSVCRT:ucrt_stubs.obj
 0001:0000581b       ___scrt_stub_for_acrt_thread_attach 1000681b f   MSVCRT:ucrt_stubs.obj
 0001:0000581b       ___scrt_stub_for_acrt_uninitialize_critical 1000681b f   MSVCRT:ucrt_stubs.obj
 0001:0000581b       ___vcrt_thread_attach      1000681b f   MSVCRT:ucrt_stubs.obj
 0001:0000581b       ___acrt_thread_detach      1000681b f   MSVCRT:ucrt_stubs.obj
 0001:0000581e       ___scrt_stub_for_is_c_termination_complete 1000681e f   MSVCRT:ucrt_stubs.obj
 0001:0000581e       __is_c_termination_complete 1000681e f   MSVCRT:ucrt_stubs.obj
 0001:00005821       __EH_epilog3_GS_align      10006821 f   MSVCRT:ehprolg3a.obj
 0001:0000582f       __EH_epilog3_align         1000682f f   MSVCRT:ehprolg3a.obj
 0001:00005846       __EH_prolog3_GS_align      10006846 f   MSVCRT:ehprolg3a.obj
 0001:000058c0       __ftoui3                   100068c0 f   MSVCRT:_ftol3_.obj
 0001:000058cf       __ftoul3                   100068cf f   MSVCRT:_ftol3_.obj
 0001:000058de       __ftol3                    100068de f   MSVCRT:_ftol3_.obj
 0001:000058eb       __ftol3_NaN                100068eb f   MSVCRT:_ftol3_.obj
 0001:00005903       __ftol3_work               10006903 f   MSVCRT:_ftol3_.obj
 0001:00005989       __ftol3_common             10006989 f   MSVCRT:_ftol3_.obj
 0001:00005a4b       __ftol3_arg_error          10006a4b f   MSVCRT:_ftol3_.obj
 0001:00005a5d       __ftol3_except             10006a5d f   MSVCRT:_ftol3_.obj
 0001:00005aa1       __dtoui3                   10006aa1 f   MSVCRT:_ftol3_.obj
 0001:00005ab0       __dtoul3                   10006ab0 f   MSVCRT:_ftol3_.obj
 0001:00005abf       __dtol3                    10006abf f   MSVCRT:_ftol3_.obj
 0001:00005acc       __dtol3_NaN                10006acc f   MSVCRT:_ftol3_.obj
 0001:00005ae9       __dtol3_work               10006ae9 f   MSVCRT:_ftol3_.obj
 0001:00005bd0       __ultod3                   10006bd0 f   MSVCRT:_ftol3_.obj
 0001:00005c10       __ltod3                    10006c10 f   MSVCRT:_ftol3_.obj
 0001:00005c37       _memchr                    10006c37 f   vcruntime:VCRUNTIME140.dll
 0001:00005c3d       _memcmp                    10006c3d f   vcruntime:VCRUNTIME140.dll
 0001:00005c43       _memcpy                    10006c43 f   vcruntime:VCRUNTIME140.dll
 0001:00005c49       _memmove                   10006c49 f   vcruntime:VCRUNTIME140.dll
 0001:00005c4f       __libm_sse2_acos_precise   10006c4f f   ucrt:api-ms-win-crt-math-l1-1-0.dll
 0001:00005c55       __libm_sse2_cos_precise    10006c55 f   ucrt:api-ms-win-crt-math-l1-1-0.dll
 0001:00005c5b       __libm_sse2_sin_precise    10006c5b f   ucrt:api-ms-win-crt-math-l1-1-0.dll
 0001:00005c61       __libm_sse2_sqrt_precise   10006c61 f   ucrt:api-ms-win-crt-math-l1-1-0.dll
 0001:00005c67       __except1                  10006c67 f   ucrt:api-ms-win-crt-math-l1-1-0.dll
 0002:00000000       __imp__VirtualProtect@16   10007000     kernel32:KERNEL32.dll
 0002:00000004       __imp__GetModuleHandleA@4  10007004     kernel32:KERNEL32.dll
 0002:00000008       __imp__Sleep@4             10007008     kernel32:KERNEL32.dll
 0002:0000000c       __imp__DisableThreadLibraryCalls@4 1000700c     kernel32:KERNEL32.dll
 0002:00000010       __imp__CloseHandle@4       10007010     kernel32:KERNEL32.dll
 0002:00000014       __imp__CreateThread@24     10007014     kernel32:KERNEL32.dll
 0002:00000018       __imp__GetTickCount@0      10007018     kernel32:KERNEL32.dll
 0002:0000001c       __imp__VirtualFree@12      1000701c     kernel32:KERNEL32.dll
 0002:00000020       __imp__VirtualAlloc@16     10007020     kernel32:KERNEL32.dll
 0002:00000024       __imp__VirtualQuery@12     10007024     kernel32:KERNEL32.dll
 0002:00000028       __imp__HeapCreate@12       10007028     kernel32:KERNEL32.dll
 0002:0000002c       __imp__HeapFree@12         1000702c     kernel32:KERNEL32.dll
 0002:00000030       __imp__GetCurrentProcess@0 10007030     kernel32:KERNEL32.dll
 0002:00000034       __imp__Thread32Next@8      10007034     kernel32:KERNEL32.dll
 0002:00000038       __imp__Thread32First@8     10007038     kernel32:KERNEL32.dll
 0002:0000003c       __imp__GetCurrentThreadId@0 1000703c     kernel32:KERNEL32.dll
 0002:00000040       __imp__SuspendThread@4     10007040     kernel32:KERNEL32.dll
 0002:00000044       __imp__ResumeThread@4      10007044     kernel32:KERNEL32.dll
 0002:00000048       __imp__CreateToolhelp32Snapshot@8 10007048     kernel32:KERNEL32.dll
 0002:0000004c       __imp__HeapReAlloc@16      1000704c     kernel32:KERNEL32.dll
 0002:00000050       __imp__HeapAlloc@12        10007050     kernel32:KERNEL32.dll
 0002:00000054       __imp__HeapDestroy@4       10007054     kernel32:KERNEL32.dll
 0002:00000058       __imp__GetThreadContext@8  10007058     kernel32:KERNEL32.dll
 0002:0000005c       __imp__GetCurrentProcessId@0 1000705c     kernel32:KERNEL32.dll
 0002:00000060       __imp__FlushInstructionCache@12 10007060     kernel32:KERNEL32.dll
 0002:00000064       __imp__SetThreadContext@8  10007064     kernel32:KERNEL32.dll
 0002:00000068       __imp__OpenThread@12       10007068     kernel32:KERNEL32.dll
 0002:0000006c       __imp__SetUnhandledExceptionFilter@4 1000706c     kernel32:KERNEL32.dll
 0002:00000070       __imp__UnhandledExceptionFilter@4 10007070     kernel32:KERNEL32.dll
 0002:00000074       __imp__TerminateProcess@8  10007074     kernel32:KERNEL32.dll
 0002:00000078       __imp__IsProcessorFeaturePresent@4 10007078     kernel32:KERNEL32.dll
 0002:0000007c       __imp__QueryPerformanceCounter@4 1000707c     kernel32:KERNEL32.dll
 0002:00000080       __imp__GetSystemTimeAsFileTime@4 10007080     kernel32:KERNEL32.dll
 0002:00000084       __imp__InitializeSListHead@4 10007084     kernel32:KERNEL32.dll
 0002:00000088       __imp__IsDebuggerPresent@0 10007088     kernel32:KERNEL32.dll
 0002:0000008c       \177KERNEL32_NULL_THUNK_DATA 1000708c     kernel32:KERNEL32.dll
 0002:00000090       __imp_?_Xlength_error@std@@YAXPBD@Z 10007090     msvcprt:MSVCP140.dll
 0002:00000094       \177MSVCP140_NULL_THUNK_DATA 10007094     msvcprt:MSVCP140.dll
 0002:00000098       __imp__GetKeyState@4       10007098     user32:USER32.dll
 0002:0000009c       __imp__SetRect@20          1000709c     user32:USER32.dll
 0002:000000a0       __imp__CreateWindowExA@48  100070a0     user32:USER32.dll
 0002:000000a4       __imp__GetForegroundWindow@0 100070a4     user32:USER32.dll
 0002:000000a8       __imp__MessageBoxA@16      100070a8     user32:USER32.dll
 0002:000000ac       __imp__DestroyWindow@4     100070ac     user32:USER32.dll
 0002:000000b0       __imp__ScreenToClient@8    100070b0     user32:USER32.dll
 0002:000000b4       __imp__GetAsyncKeyState@4  100070b4     user32:USER32.dll
 0002:000000b8       __imp__GetCursorPos@4      100070b8     user32:USER32.dll
 0002:000000bc       \177USER32_NULL_THUNK_DATA 100070bc     user32:USER32.dll
 0002:000000c0       __imp__memcpy              100070c0     vcruntime:VCRUNTIME140.dll
 0002:000000c4       __imp____CxxFrameHandler3  100070c4     vcruntime:VCRUNTIME140.dll
 0002:000000c8       __imp__strstr              100070c8     vcruntime:VCRUNTIME140.dll
 0002:000000cc       __imp____std_exception_copy 100070cc     vcruntime:VCRUNTIME140.dll
 0002:000000d0       __imp__memcmp              100070d0     vcruntime:VCRUNTIME140.dll
 0002:000000d4       __imp___CxxThrowException@8 100070d4     vcruntime:VCRUNTIME140.dll
 0002:000000d8       __imp____std_type_info_destroy_list 100070d8     vcruntime:VCRUNTIME140.dll
 0002:000000dc       __imp__memset              100070dc     vcruntime:VCRUNTIME140.dll
 0002:000000e0       __imp___except_handler4_common 100070e0     vcruntime:VCRUNTIME140.dll
 0002:000000e4       __imp__memmove             100070e4     vcruntime:VCRUNTIME140.dll
 0002:000000e8       __imp____std_exception_destroy 100070e8     vcruntime:VCRUNTIME140.dll
 0002:000000ec       __imp__memchr              100070ec     vcruntime:VCRUNTIME140.dll
 0002:000000f0       \177VCRUNTIME140_NULL_THUNK_DATA 100070f0     vcruntime:VCRUNTIME140.dll
 0002:000000f4       __imp___callnewh           100070f4     ucrt:api-ms-win-crt-heap-l1-1-0.dll
 0002:000000f8       __imp__malloc              100070f8     ucrt:api-ms-win-crt-heap-l1-1-0.dll
 0002:000000fc       __imp__free                100070fc     ucrt:api-ms-win-crt-heap-l1-1-0.dll
 0002:00000100       \177api-ms-win-crt-heap-l1-1-0_NULL_THUNK_DATA 10007100     ucrt:api-ms-win-crt-heap-l1-1-0.dll
 0002:00000104       __imp___except1            10007104     ucrt:api-ms-win-crt-math-l1-1-0.dll
 0002:00000108       __imp___libm_sse2_cos_precise 10007108     ucrt:api-ms-win-crt-math-l1-1-0.dll
 0002:0000010c       __imp___libm_sse2_acos_precise 1000710c     ucrt:api-ms-win-crt-math-l1-1-0.dll
 0002:00000110       __imp___libm_sse2_sin_precise 10007110     ucrt:api-ms-win-crt-math-l1-1-0.dll
 0002:00000114       __imp___libm_sse2_sqrt_precise 10007114     ucrt:api-ms-win-crt-math-l1-1-0.dll
 0002:00000118       \177api-ms-win-crt-math-l1-1-0_NULL_THUNK_DATA 10007118     ucrt:api-ms-win-crt-math-l1-1-0.dll
 0002:0000011c       __imp___execute_onexit_table 1000711c     ucrt:api-ms-win-crt-runtime-l1-1-0.dll
 0002:00000120       __imp___cexit              10007120     ucrt:api-ms-win-crt-runtime-l1-1-0.dll
 0002:00000124       __imp___invalid_parameter_noinfo_noreturn 10007124     ucrt:api-ms-win-crt-runtime-l1-1-0.dll
 0002:00000128       __imp___initterm           10007128     ucrt:api-ms-win-crt-runtime-l1-1-0.dll
 0002:0000012c       __imp___initialize_onexit_table 1000712c     ucrt:api-ms-win-crt-runtime-l1-1-0.dll
 0002:00000130       __imp___initterm_e         10007130     ucrt:api-ms-win-crt-runtime-l1-1-0.dll
 0002:00000134       __imp___initialize_narrow_environment 10007134     ucrt:api-ms-win-crt-runtime-l1-1-0.dll
 0002:00000138       __imp___configure_narrow_argv 10007138     ucrt:api-ms-win-crt-runtime-l1-1-0.dll
 0002:0000013c       __imp___seh_filter_dll     1000713c     ucrt:api-ms-win-crt-runtime-l1-1-0.dll
 0002:00000140       \177api-ms-win-crt-runtime-l1-1-0_NULL_THUNK_DATA 10007140     ucrt:api-ms-win-crt-runtime-l1-1-0.dll
 0002:00000144       __imp____stdio_common_vsprintf_s 10007144     ucrt:api-ms-win-crt-stdio-l1-1-0.dll
 0002:00000148       \177api-ms-win-crt-stdio-l1-1-0_NULL_THUNK_DATA 10007148     ucrt:api-ms-win-crt-stdio-l1-1-0.dll
 0002:0000014c       __imp__Direct3DCreate9@4   1000714c     d3d9:d3d9.dll
 0002:00000150       \177d3d9_NULL_THUNK_DATA   10007150     d3d9:d3d9.dll
 0002:00000154       __imp__D3DXCreateLine@8    10007154     d3dx9:d3dx9_43.dll
 0002:00000158       __imp__D3DXCreateFontA@48  10007158     d3dx9:d3dx9_43.dll
 0002:0000015c       \177d3dx9_43_NULL_THUNK_DATA 1000715c     d3dx9:d3dx9_43.dll
 0002:00000160       ___guard_check_icall_fptr  10007160     MSVCRT:guard_support.obj
 0002:00000164       ___xc_a                    10007164     MSVCRT:initializers.obj
 0002:00000168       ___xc_z                    10007168     MSVCRT:initializers.obj
 0002:0000016c       ___xi_a                    1000716c     MSVCRT:initializers.obj
 0002:00000170       ___xi_z                    10007170     MSVCRT:initializers.obj
 0002:00000174       ___xp_a                    10007174     MSVCRT:initializers.obj
 0002:00000178       ___xp_z                    10007178     MSVCRT:initializers.obj
 0002:0000017c       ___xt_a                    1000717c     MSVCRT:initializers.obj
 0002:00000180       ___xt_z                    10007180     MSVCRT:initializers.obj
 0002:00000190       __pRawDllMain              10007190     MSVCRT:dll_dllmain.obj
 0002:00000190       __pDefaultRawDllMain       10007190     MSVCRT:dll_dllmain.obj
 0002:000001a0       ??_7exception@std@@6B@     100071a0     MSVCRT:throw_bad_alloc.obj
 0002:000001a8       ??_C@_0BC@EOODALEL@Unknown?5exception@ 100071a8     MSVCRT:throw_bad_alloc.obj
 0002:000001c0       ??_7bad_alloc@std@@6B@     100071c0     MSVCRT:throw_bad_alloc.obj
 0002:000001c8       ??_C@_0P@GHFPNOJB@bad?5allocation@ 100071c8     MSVCRT:throw_bad_alloc.obj
 0002:000001dc       ??_7bad_array_new_length@std@@6B@ 100071dc     MSVCRT:throw_bad_alloc.obj
 0002:000001e4       ??_C@_0BF@KINCDENJ@bad?5array?5new?5length@ 100071e4     MSVCRT:throw_bad_alloc.obj
 0002:00000200       ??_7type_info@@6B@         10007200     MSVCRT:std_type_info_static.obj
 0002:00000204       ??_C@_00CNPNBAHC@@         10007204     Base.obj
 0002:00000208       ??_C@_05LGELBCGM@Close@    10007208     Base.obj
 0002:00000210       ??_C@_02BFICIOJL@ON@       10007210     Base.obj
 0002:00000214       ??_C@_01PDNFIICC@?$KL@     10007214     Base.obj
 0002:00000218       ??_C@_01LJBHJKHD@?$LL@     10007218     Base.obj
 0002:0000021c       ??_C@_01BMBHCPLG@5@        1000721c     Base.obj
 0002:00000220       ??_C@_02PKFBJPLJ@10@       10007220     Base.obj
 0002:00000224       ??_C@_02PIBHCBOA@20@       10007224     Base.obj
 0002:00000228       ??_C@_02IBONKJBH@45@       10007228     Base.obj
 0002:0000022c       ??_C@_02PEECMOAB@90@       1000722c     Base.obj
 0002:00000230       ??_C@_03GDBCDNPM@180@      10007230     Base.obj
 0002:00000234       ??_C@_03MDIFNIHN@360@      10007234     Base.obj
 0002:00000238       ??_C@_04BFCCBDOP@Head@     10007238     Base.obj
 0002:00000240       ??_C@_04BOHOCOOO@Neck@     10007240     Base.obj
 0002:00000248       ??_C@_04HKLPABGO@Arti@     10007248     Base.obj
 0002:00000250       ??_C@_05CBBIAFIL@Spine@    10007250     Base.obj
 0002:00000258       ??_C@_0DA@OJHIIEAD@Onra2?8s?5MultiHack?5For?5Warface?5?$CI@ 10007258     Base.obj
 0002:00000288       ??_C@_08KHLMGDJJ@Enjoy?5?3?$CJ@ 10007288     Base.obj
 0002:00000294       ??_C@_09JDDCPHDA@Main?5Menu@ 10007294     Base.obj
 0002:000002a0       ??_C@_09IMLGFHGE@Self?5Menu@ 100072a0     Base.obj
 0002:000002ac       ??_C@_03KGDAEFFB@ESP@      100072ac     Base.obj
 0002:000002b0       ??_C@_06FHEBLMEF@Aimbot@   100072b0     Base.obj
 0002:000002b8       ??_C@_04MHPHMCPO@Misc@     100072b8     Base.obj
 0002:000002c0       ??_C@_0BD@DFKAEHJL@No?5Recoil?1accuracy@ 100072c0     Base.obj
 0002:000002d4       ??_C@_08DEBKGMLC@No?5Flash@ 100072d4     Base.obj
 0002:000002e0       ??_C@_0BA@KGINKOO@Detect?5Claymore@ 100072e0     Base.obj
 0002:000002f0       ??_C@_0BA@JFHBNMPA@Recharge?5Sprint@ 100072f0     Base.obj
 0002:00000300       ??_C@_0M@JIDNMNGB@Full?5Damage@ 10007300     Base.obj
 0002:0000030c       ??_C@_0L@DBFOKIAK@No?5Shutter@ 1000730c     Base.obj
 0002:00000318       ??_C@_0L@HMADNEOD@Auto?5Climb@ 10007318     Base.obj
 0002:00000324       ??_C@_0BA@JMLCFPB@Unlimited?5Slide@ 10007324     Base.obj
 0002:00000334       ??_C@_0P@GNAJNEL@Unlimited?5Ammo@ 10007334     Base.obj
 0002:00000344       ??_C@_08EHJBDKKN@No?5Sound@ 10007344     Base.obj
 0002:00000350       ??_C@_0BA@GBBGKGNH@PVE?5Enhancement@ 10007350     Base.obj
 0002:00000360       ??_C@_06GBGPPFMB@Kasper@   10007360     Base.obj
 0002:00000368       ??_C@_0M@PICDPPBJ@Aimbot?5Menu@ 10007368     Base.obj
 0002:00000374       ??_C@_0O@MBHLLKOL@Vector?5Aimbot@ 10007374     Base.obj
 0002:00000384       ??_C@_0O@FOFGPLLD@Silent?5Aimbot@ 10007384     Base.obj
 0002:00000394       ??_C@_0BA@JMMOODOK@Active?5Telekill@ 10007394     Base.obj
 0002:000003a4       ??_C@_08KLCKAGGP@Aim?5FOV?3@ 100073a4     Base.obj
 0002:000003b0       ??_C@_05KHIDECCF@Bone?3@   100073b0     Base.obj
 0002:000003b8       ??_C@_0N@HBDOMHNC@ESP?5Settings@ 100073b8     Base.obj
 0002:000003c8       ??_C@_08MGOEOFIE@Wallhack@ 100073c8     Base.obj
 0002:000003d4       ??_C@_08BIPFGKJL@Name?5ESP@ 100073d4     Base.obj
 0002:000003e0       ??_C@_0M@IFJFFPNL@Silhouettes@ 100073e0     Base.obj
 0002:000003ec       ??_C@_0L@EGKLGKCH@Health?5ESP@ 100073ec     Base.obj
 0002:000003f8       ??_C@_0N@DPPHLHFB@Skeleton?5ESP@ 100073f8     Base.obj
 0002:00000408       ??_C@_0N@HFHCKAIA@Distance?5ESP@ 10007408     Base.obj
 0002:00000418       ??_C@_0L@HBLCJJJL@2D?5BOX?5ESP@ 10007418     Base.obj
 0002:00000424       ??_C@_0L@LADMEGFL@3D?5BOX?5ESP@ 10007424     Base.obj
 0002:00000430       ??_C@_0L@OPLAIAPL@Snap?5Lines@ 10007430     Base.obj
 0002:0000043c       ??_C@_0O@DNIABPHF@Explosive?5ESP@ 1000743c     Base.obj
 0002:0000044c       ??_C@_0O@PPCDOLHE@Notifications@ 1000744c     Base.obj
 0002:0000045c       ??_C@_07FDJPDNBE@OFF?5ALL@ 1000745c     Base.obj
 0002:00000464       ??_C@_0BL@LKMFELMP@RayWorldIntersection?$CIGame?$CJ@ 10007464     Base.obj
 0002:00000480       ??_C@_0P@DHDJEHEI@Flashbang_Time@ 10007480     Base.obj
 0002:00000490       ??_C@_0BG@NPDFNFME@FlashBang_BlindAmount@ 10007490     Base.obj
 0002:000004a8       ??_C@_0BL@GMOEKHBD@Flashbang_DifractionAmount@ 100074a8     Base.obj
 0002:000004c4       ??_C@_0BB@CLLFHHED@Flashbang_Active@ 100074c4     Base.obj
 0002:000004d8       ??_C@_0BM@OAEMOEOM@FilterRadialBlurring_Radius@ 100074d8     Base.obj
 0002:000004f4       ??_C@_0BM@PDJFKBKE@FilterRadialBlurring_Amount@ 100074f4     Base.obj
 0002:00000510       ??_C@_05PEMOLHIO@onra2@    10007510     Base.obj
 0002:00000518       ??_C@_02LJPLACFK@yo@       10007518     Base.obj
 0002:0000051c       ??_C@_08NIHLGCK@d3d9?4dll@ 1000751c     Base.obj
 0002:00000528       ??_C@_0M@MPCCAPCF@Temp?5Window@ 10007528     Base.obj
 0002:00000534       ??_C@_06HBIEIEBN@BUTTON@   10007534     Base.obj
 0002:0000053c       ??_C@_08BGFMCCMC@FixedSys@ 1000753c     Base.obj
 0002:00000548       ??_C@_05MPFIAJAP@Arial@    10007548     Base.obj
 0002:00000550       ??_C@_06KJINBPNG@Turret@   10007550     Base.obj
 0002:00000558       ??_C@_07NDENCLCP@IronMan@  10007558     Base.obj
 0002:00000560       ??_C@_06MGCDJBEK@Cyborg@   10007560     Base.obj
 0002:00000568       ??_C@_0L@COCBBHGK@SEDSoldier@ 10007568     Base.obj
 0002:00000574       ??_C@_0L@CLIOJAKK@Black_Wolf@ 10007574     Base.obj
 0002:00000580       ??_C@_06FKMMMLK@Mantis@    10007580     Base.obj
 0002:00000588       ??_C@_04LDDCCIPJ@mech@     10007588     Base.obj
 0002:00000590       ??_C@_05GAGADLBE@Drone@    10007590     Base.obj
 0002:00000598       ??_C@_04PGKJFGNK@ammo@     10007598     Base.obj
 0002:000005a0       ??_C@_0P@HMIELCEL@?$CK?$CKEXPLOSIVES?$CK?$CK@ 100075a0     Base.obj
 0002:000005b0       ??_C@_01EOFPKCAF@?$EA@     100075b0     Base.obj
 0002:000005b4       ??_C@_06KLEAFNAE@Weapon@   100075b4     Base.obj
 0002:000005bc       ??_C@_08FCIJNOLH@ctf_case@ 100075bc     Base.obj
 0002:000005c8       ??_C@_02IKAHHCAI@?$CFi@    100075c8     Base.obj
 0002:000005cc       ??_C@_0CA@CEGBGKBE@Briefcase?5was?5taken?5by?5enemies?$CB@ 100075cc     Base.obj
 0002:000005ec       ??_C@_0BD@EFLJAOGH@Briefcase?5Location@ 100075ec     Base.obj
 0002:00000600       ??_C@_0N@MOKFDAHI@BombGeometry@ 10007600     Base.obj
 0002:00000610       ??_C@_0BJ@IBKMHDNC@Bomb?5Location?5?$CIDefusing?$CJ@ 10007610     Base.obj
 0002:0000062c       ??_C@_0BJ@HKAPOGGE@Bomb?5is?5getting?5defused?$CB@ 1000762c     Base.obj
 0002:00000648       ??_C@_0BG@DHLPIDBH@Planted?5Bomb?5Location@ 10007648     Base.obj
 0002:00000660       ??_C@_0BG@MPKNPFPH@Dropped?5Bomb?5Location@ 10007660     Base.obj
 0002:00000678       ??_C@_0BC@JNMKACCL@?$FLDistance?3?5?$CF0?41f?$FN@ 10007678     Base.obj
 0002:0000068c       ??_C@_05BPFOPNCG@Knife@    1000768c     Base.obj
 0002:00000694       ??_C@_0N@DEPEFNBE@BOMB?5CARRIER@ 10007694     Base.obj
 0002:000006a4       ??_C@_0N@BOAPKDDL@CASE?5CARRIER@ 100076a4     Base.obj
 0002:000006b4       ??_C@_0BA@JFNIOLAK@string?5too?5long@ 100076b4     Base.obj
 0002:000006c4       __real@00000000            100076c4     Base.obj
 0002:000006c8       __real@0000000000000000    100076c8     Base.obj
 0002:000006d0       __real@1e3ce508            100076d0     Base.obj
 0002:000006d4       __real@3ed67750            100076d4     Base.obj
 0002:000006d8       __real@3ee4f8b588e368f1    100076d8     Base.obj
 0002:000006e0       __real@3f000000            100076e0     Base.obj
 0002:000006e4       __real@3f3504f3            100076e4     Base.obj
 0002:000006e8       __real@3f800000            100076e8     Base.obj
 0002:000006ec       __real@3fa00000            100076ec     Base.obj
 0002:000006f0       __real@3fb999999999999a    100076f0     Base.obj
 0002:000006f8       __real@3fc999999999999a    100076f8     Base.obj
 0002:00000700       __real@3fe999999999999a    10007700     Base.obj
 0002:00000708       __real@401921fb60000000    10007708     Base.obj
 0002:00000710       __real@40800000            10007710     Base.obj
 0002:00000714       __real@40a00000            10007714     Base.obj
 0002:00000718       __real@41200000            10007718     Base.obj
 0002:0000071c       __real@41700000            1000771c     Base.obj
 0002:00000720       __real@41a00000            10007720     Base.obj
 0002:00000724       __real@41f00000            10007724     Base.obj
 0002:00000728       __real@420c0000            10007728     Base.obj
 0002:0000072c       __real@42180000            1000772c     Base.obj
 0002:00000730       __real@42652ee0            10007730     Base.obj
 0002:00000734       __real@42c80000            10007734     Base.obj
 0002:00000738       __real@bf800000            10007738     Base.obj
 0002:00000740       __xmm@41f00000000000000000000000000000 10007740     Base.obj
 0002:00000750       __xmm@7fffffffffffffff7fffffffffffffff 10007750     Base.obj
 0002:00000760       __xmm@80000000800000008000000080000000 10007760     Base.obj
 0002:00000870       __load_config_used         10007870     MSVCRT:loadcfg.obj
 0002:00000910       ??_R4exception@std@@6B@    10007910     MSVCRT:throw_bad_alloc.obj
 0002:00000924       ??_R3exception@std@@8      10007924     MSVCRT:throw_bad_alloc.obj
 0002:00000934       ??_R2exception@std@@8      10007934     MSVCRT:throw_bad_alloc.obj
 0002:0000093c       ??_R1A@?0A@EA@exception@std@@8 1000793c     MSVCRT:throw_bad_alloc.obj
 0002:00000958       ??_R4bad_alloc@std@@6B@    10007958     MSVCRT:throw_bad_alloc.obj
 0002:0000096c       ??_R3bad_alloc@std@@8      1000796c     MSVCRT:throw_bad_alloc.obj
 0002:0000097c       ??_R2bad_alloc@std@@8      1000797c     MSVCRT:throw_bad_alloc.obj
 0002:00000988       ??_R1A@?0A@EA@bad_alloc@std@@8 10007988     MSVCRT:throw_bad_alloc.obj
 0002:000009a4       ??_R4bad_array_new_length@std@@6B@ 100079a4     MSVCRT:throw_bad_alloc.obj
 0002:000009b8       ??_R3bad_array_new_length@std@@8 100079b8     MSVCRT:throw_bad_alloc.obj
 0002:000009c8       ??_R2bad_array_new_length@std@@8 100079c8     MSVCRT:throw_bad_alloc.obj
 0002:000009d8       ??_R1A@?0A@EA@bad_array_new_length@std@@8 100079d8     MSVCRT:throw_bad_alloc.obj
 0002:000009f4       ??_R4type_info@@6B@        100079f4     MSVCRT:std_type_info_static.obj
 0002:00000a08       ??_R3type_info@@8          10007a08     MSVCRT:std_type_info_static.obj
 0002:00000a18       ??_R2type_info@@8          10007a18     MSVCRT:std_type_info_static.obj
 0002:00000a20       ??_R1A@?0A@EA@type_info@@8 10007a20     MSVCRT:std_type_info_static.obj
 0002:00000d04       ___rtc_iaa                 10007d04     MSVCRT:_initsect_.obj
 0002:00000d08       ___rtc_izz                 10007d08     MSVCRT:_initsect_.obj
 0002:00000d0c       ___rtc_taa                 10007d0c     MSVCRT:_initsect_.obj
 0002:00000d10       ___rtc_tzz                 10007d10     MSVCRT:_initsect_.obj
 0002:00000de4       __TI2?AVbad_alloc@std@@    10007de4     MSVCRT:throw_bad_alloc.obj
 0002:00000df4       __CTA2?AVbad_alloc@std@@   10007df4     MSVCRT:throw_bad_alloc.obj
 0002:00000e00       __CT??_R0?AVbad_alloc@std@@@8??0bad_alloc@std@@QAE@ABV01@@Z12 10007e00     MSVCRT:throw_bad_alloc.obj
 0002:00000e1c       __CT??_R0?AVexception@std@@@8??0exception@std@@QAE@ABV01@@Z12 10007e1c     MSVCRT:throw_bad_alloc.obj
 0002:00000e38       __TI3?AVbad_array_new_length@std@@ 10007e38     MSVCRT:throw_bad_alloc.obj
 0002:00000e48       __CTA3?AVbad_array_new_length@std@@ 10007e48     MSVCRT:throw_bad_alloc.obj
 0002:00000e58       __CT??_R0?AVbad_array_new_length@std@@@8??0bad_array_new_length@std@@QAE@ABV01@@Z12 10007e58     MSVCRT:throw_bad_alloc.obj
 0002:00000e94       __IMPORT_DESCRIPTOR_KERNEL32 10007e94     kernel32:KERNEL32.dll
 0002:00000ea8       __IMPORT_DESCRIPTOR_USER32 10007ea8     user32:USER32.dll
 0002:00000ebc       __IMPORT_DESCRIPTOR_MSVCP140 10007ebc     msvcprt:MSVCP140.dll
 0002:00000ed0       __IMPORT_DESCRIPTOR_d3d9   10007ed0     d3d9:d3d9.dll
 0002:00000ee4       __IMPORT_DESCRIPTOR_d3dx9_43 10007ee4     d3dx9:d3dx9_43.dll
 0002:00000ef8       __IMPORT_DESCRIPTOR_VCRUNTIME140 10007ef8     vcruntime:VCRUNTIME140.dll
 0002:00000f0c       __IMPORT_DESCRIPTOR_api-ms-win-crt-stdio-l1-1-0 10007f0c     ucrt:api-ms-win-crt-stdio-l1-1-0.dll
 0002:00000f20       __IMPORT_DESCRIPTOR_api-ms-win-crt-runtime-l1-1-0 10007f20     ucrt:api-ms-win-crt-runtime-l1-1-0.dll
 0002:00000f34       __IMPORT_DESCRIPTOR_api-ms-win-crt-heap-l1-1-0 10007f34     ucrt:api-ms-win-crt-heap-l1-1-0.dll
 0002:00000f48       __IMPORT_DESCRIPTOR_api-ms-win-crt-math-l1-1-0 10007f48     ucrt:api-ms-win-crt-math-l1-1-0.dll
 0002:00000f5c       __NULL_IMPORT_DESCRIPTOR   10007f5c     kernel32:KERNEL32.dll
 0003:00000000       ___security_cookie_complement 10009000     MSVCRT:gs_cookie.obj
 0003:00000004       ___security_cookie         10009004     MSVCRT:gs_cookie.obj
 0003:00000008       ___scrt_native_dllmain_reason 10009008     MSVCRT:utility.obj
 0003:00000010       ___isa_enabled             10009010     MSVCRT:_cpu_disp_.obj
 0003:00000014       ___scrt_ucrt_dll_is_in_use 10009014     MSVCRT:ucrt_stubs.obj
 0003:00000018       ?HEAD@@3PAPADA             10009018     Base.obj
 0003:00000028       ?FOV@@3PAPADA              10009028     Base.obj
 0003:00000048       _hde32_table               10009048     hde32.obj
 0003:00000250       __fltused                  10009250     MSVCRT:fltused.obj
 0003:00000254       ??_R0?AVbad_alloc@std@@@8  10009254     MSVCRT:throw_bad_alloc.obj
 0003:00000270       ??_R0?AVexception@std@@@8  10009270     MSVCRT:throw_bad_alloc.obj
 0003:0000028c       ??_R0?AVbad_array_new_length@std@@@8 1000928c     MSVCRT:throw_bad_alloc.obj
 0003:000002b4       ??_R0?AVtype_info@@@8      100092b4     MSVCRT:std_type_info_static.obj
 0003:000005f8       ?__type_info_root_node@@3U__type_info_node@@A 100095f8     MSVCRT:tncleanup.obj
 0003:00000600       ?_OptionsStorage@?1??__local_stdio_scanf_options@@9@4_KA 10009600     MSVCRT:default_local_stdio_options.obj
 0003:00000608       ___scrt_current_native_startup_state 10009608     MSVCRT:utility.obj
 0003:0000060c       ___scrt_native_startup_lock 1000960c     MSVCRT:utility.obj
 0003:0000062c       ___scrt_debugger_hook_flag 1000962c     MSVCRT:utility_desktop.obj
 0003:00000630       ___isa_available           10009630     MSVCRT:_cpu_disp_.obj
 0003:00000634       ___favor                   10009634     MSVCRT:_cpu_disp_.obj
 0003:00000638       ?ScreenCenterY@@3HA        10009638     Base.obj
 0003:0000063c       ?Viewport@@3U_D3DVIEWPORT9@@A 1000963c     Base.obj
 0003:00000654       ?p3DEngine@@3PAVI3DEngine@@A 10009654     Base.obj
 0003:00000658       ?ScreenWidth@@3HA          10009658     Base.obj
 0003:0000065c       ?DrawIndexedPrimitive_orig@@3P6GJPAUIDirect3DDevice9@@W4_D3DPRIMITIVETYPE@@HIIII@ZA 1000965c     Base.obj
 0003:00000660       ?M@@3VMenu@@A              10009660     Base.obj
 0003:0000067c       ?pFrameWork@@3PAUIGameFramework@@A 1000967c     Base.obj
 0003:00000680       ?On@@3PADA                 10009680     Base.obj
 0003:00000684       ?Reset_orig@@3P6GJPAUIDirect3DDevice9@@PAU_D3DPRESENT_PARAMETERS_@@@ZA 10009684     Base.obj
 0003:00000688       ?pWFont@@3PAUID3DXFont@@A  10009688     Base.obj
 0003:0000068c       ?ScreenCenterX@@3HA        1000968c     Base.obj
 0003:00000690       ?hModule@@3PAUHINSTANCE__@@A 10009690     Base.obj
 0003:00000694       ?EndScene_orig@@3P6GJPAUIDirect3DDevice9@@@ZA 10009694     Base.obj
 0003:00000698       ?MV@@3UMyVar@@A            10009698     Base.obj
 0003:000006c8       ?pLine@@3PAUID3DXLine@@A   100096c8     Base.obj
 0003:000006cc       ?pIcvar@@3PAVICVar@@A      100096cc     Base.obj
 0003:000006d0       ?pIGame@@3PAUIGame@@A      100096d0     Base.obj
 0003:000006d4       ?pFont@@3PAUID3DXFont@@A   100096d4     Base.obj
 0003:000006d8       ?pSSGE@@3PAVSSystemGlobalEnvironment@@A 100096d8     Base.obj
 0003:000006dc       ?PveEnhancement@@3_NA      100096dc     Base.obj
 0003:000006e0       ?pNFont@@3PAUID3DXFont@@A  100096e0     Base.obj
 0003:000006e4       ?ScreenHeight@@3HA         100096e4     Base.obj
 0003:000006e8       _g_isLocked                100096e8     hook.obj
 0003:000006ec       _g_hHeap                   100096ec     hook.obj
 0003:000006f0       ?SelfBools@@3U0@A          100096f0     Base.obj
 0003:00000f18       ?_OptionsStorage@?1??__local_stdio_printf_options@@9@4_KA 10009f18     Base.obj
 0003:00000f20       ___dyn_tls_init_callback   10009f20     <common>
 0003:00000f30       _g_hooks                   10009f30     <common>
 0003:00000f3c       _g_pMemoryBlocks           10009f3c     <common>

 entry point at        0001:00004db2

 Static symbols

 0000:ffff4000       .debug$S                   10000000     ucrt:api-ms-win-crt-stdio-l1-1-0.dll
 0000:ffff4000       .debug$S                   10000000     kernel32:KERNEL32.dll
 0000:ffff4000       .debug$S                   10000000     kernel32:KERNEL32.dll
 0000:ffff4000       .debug$S                   10000000     ucrt:api-ms-win-crt-math-l1-1-0.dll
 0000:ffff4000       .debug$S                   10000000     ucrt:api-ms-win-crt-math-l1-1-0.dll
 0000:ffff4000       .debug$S                   10000000     ucrt:api-ms-win-crt-math-l1-1-0.dll
 0000:ffff4000       .debug$S                   10000000     ucrt:api-ms-win-crt-math-l1-1-0.dll
 0000:ffff4000       .debug$S                   10000000     ucrt:api-ms-win-crt-math-l1-1-0.dll
 0000:ffff4000       .debug$S                   10000000     vcruntime:VCRUNTIME140.dll
 0000:ffff4000       .debug$S                   10000000     vcruntime:VCRUNTIME140.dll
 0000:ffff4000       .debug$S                   10000000     vcruntime:VCRUNTIME140.dll
 0000:ffff4000       .debug$S                   10000000     vcruntime:VCRUNTIME140.dll
 0000:ffff4000       .debug$S                   10000000     kernel32:KERNEL32.dll
 0000:ffff4000       .debug$S                   10000000     kernel32:KERNEL32.dll
 0000:ffff4000       .debug$S                   10000000     kernel32:KERNEL32.dll
 0000:ffff4000       .debug$S                   10000000     kernel32:KERNEL32.dll
 0000:ffff4000       .debug$S                   10000000     kernel32:KERNEL32.dll
 0000:ffff4000       .debug$S                   10000000     kernel32:KERNEL32.dll
 0000:ffff4000       .debug$S                   10000000     kernel32:KERNEL32.dll
 0000:ffff4000       .debug$S                   10000000     kernel32:KERNEL32.dll
 0000:ffff4000       .debug$S                   10000000     kernel32:KERNEL32.dll
 0000:ffff4000       .debug$S                   10000000     kernel32:KERNEL32.dll
 0000:ffff4000       .debug$S                   10000000     kernel32:KERNEL32.dll
 0000:ffff4000       .debug$S                   10000000     kernel32:KERNEL32.dll
 0000:ffff4000       .debug$S                   10000000     kernel32:KERNEL32.dll
 0000:ffff4000       .debug$S                   10000000     kernel32:KERNEL32.dll
 0000:ffff4000       .debug$S                   10000000     kernel32:KERNEL32.dll
 0000:ffff4000       .debug$S                   10000000     kernel32:KERNEL32.dll
 0000:ffff4000       .debug$S                   10000000     kernel32:KERNEL32.dll
 0000:ffff4000       .debug$S                   10000000     kernel32:KERNEL32.dll
 0000:ffff4000       .debug$S                   10000000     kernel32:KERNEL32.dll
 0000:ffff4000       .debug$S                   10000000     kernel32:KERNEL32.dll
 0000:ffff4000       .debug$S                   10000000     kernel32:KERNEL32.dll
 0000:ffff4000       .debug$S                   10000000     kernel32:KERNEL32.dll
 0000:ffff4000       .debug$S                   10000000     kernel32:KERNEL32.dll
 0000:ffff4000       .debug$S                   10000000     kernel32:KERNEL32.dll
 0000:ffff4000       .debug$S                   10000000     kernel32:KERNEL32.dll
 0000:ffff4000       .debug$S                   10000000     kernel32:KERNEL32.dll
 0000:ffff4000       .debug$S                   10000000     kernel32:KERNEL32.dll
 0000:ffff4000       .debug$S                   10000000     kernel32:KERNEL32.dll
 0000:ffff4000       .debug$S                   10000000     kernel32:KERNEL32.dll
 0000:ffff4000       .debug$S                   10000000     user32:USER32.dll
 0000:ffff4000       .debug$S                   10000000     user32:USER32.dll
 0000:ffff4000       .debug$S                   10000000     user32:USER32.dll
 0000:ffff4000       .debug$S                   10000000     user32:USER32.dll
 0000:ffff4000       .debug$S                   10000000     user32:USER32.dll
 0000:ffff4000       .debug$S                   10000000     user32:USER32.dll
 0000:ffff4000       .debug$S                   10000000     user32:USER32.dll
 0000:ffff4000       .debug$S                   10000000     user32:USER32.dll
 0000:ffff4000       .debug$S                   10000000     user32:USER32.dll
 0000:ffff4000       .debug$S                   10000000     msvcprt:MSVCP140.dll
 0000:ffff4000       .debug$S                   10000000     d3d9:d3d9.dll
 0000:ffff4000       .debug$S                   10000000     d3dx9:d3dx9_43.dll
 0000:ffff4000       .debug$S                   10000000     d3dx9:d3dx9_43.dll
 0000:ffff4000       .debug$S                   10000000     Wininet:WININET.dll
 0000:ffff4000       .debug$S                   10000000     Wininet:WININET.dll
 0000:ffff4000       .debug$S                   10000000     kernel32:KERNEL32.dll
 0000:ffff4000       .debug$S                   10000000     kernel32:KERNEL32.dll
 0000:ffff4000       .debug$S                   10000000     kernel32:KERNEL32.dll
 0000:ffff4000       .debug$S                   10000000     kernel32:KERNEL32.dll
 0000:ffff4000       .debug$S                   10000000     kernel32:KERNEL32.dll
 0000:ffff4000       .debug$S                   10000000     kernel32:KERNEL32.dll
 0000:ffff4000       .debug$S                   10000000     kernel32:KERNEL32.dll
 0000:ffff4000       .debug$S                   10000000     kernel32:KERNEL32.dll
 0000:ffff4000       .debug$S                   10000000     kernel32:KERNEL32.dll
 0000:ffff4000       .debug$S                   10000000     Wininet:WININET.dll
 0000:ffff4000       .debug$S                   10000000     Wininet:WININET.dll
 0002:ffff9000       .idata$6                   10000000     ucrt:api-ms-win-crt-string-l1-1-0.dll
 0002:ffff9000       .idata$6                   10000000     Wininet:WININET.dll
 0000:ffff4000       .debug$S                   10000000     ucrt:api-ms-win-crt-runtime-l1-1-0.dll
 0000:ffff4000       .debug$S                   10000000     ucrt:api-ms-win-crt-runtime-l1-1-0.dll
 0000:ffff4000       .debug$S                   10000000     ucrt:api-ms-win-crt-runtime-l1-1-0.dll
 0000:ffff4000       .debug$S                   10000000     ucrt:api-ms-win-crt-runtime-l1-1-0.dll
 0000:ffff4000       .debug$S                   10000000     ucrt:api-ms-win-crt-runtime-l1-1-0.dll
 0000:ffff4000       .debug$S                   10000000     ucrt:api-ms-win-crt-runtime-l1-1-0.dll
 0000:ffff4000       .debug$S                   10000000     ucrt:api-ms-win-crt-runtime-l1-1-0.dll
 0000:ffff4000       .debug$S                   10000000     ucrt:api-ms-win-crt-runtime-l1-1-0.dll
 0000:ffff4000       .debug$S                   10000000     ucrt:api-ms-win-crt-runtime-l1-1-0.dll
 0000:ffff4000       .debug$S                   10000000     ucrt:api-ms-win-crt-runtime-l1-1-0.dll
 0000:ffff4000       .debug$S                   10000000     ucrt:api-ms-win-crt-heap-l1-1-0.dll
 0000:ffff4000       .debug$S                   10000000     ucrt:api-ms-win-crt-runtime-l1-1-0.dll
 0000:ffff4000       .debug$S                   10000000     ucrt:api-ms-win-crt-runtime-l1-1-0.dll
 0000:ffff4000       .debug$S                   10000000     ucrt:api-ms-win-crt-heap-l1-1-0.dll
 0000:ffff4000       .debug$S                   10000000     ucrt:api-ms-win-crt-heap-l1-1-0.dll
 0000:ffff4000       .debug$S                   10000000     ucrt:api-ms-win-crt-runtime-l1-1-0.dll
 0000:ffff4000       .debug$S                   10000000     ucrt:api-ms-win-crt-stdio-l1-1-0.dll
 0000:ffff4000       .debug$S                   10000000     ucrt:api-ms-win-crt-string-l1-1-0.dll
 0000:ffff4000       .debug$S                   10000000     ucrt:api-ms-win-crt-stdio-l1-1-0.dll
 0000:ffff4000       .debug$S                   10000000     kernel32:KERNEL32.dll
 0000:ffff4000       .debug$S                   10000000     ucrt:api-ms-win-crt-stdio-l1-1-0.dll
 0000:ffff4000       .debug$S                   10000000     ucrt:api-ms-win-crt-stdio-l1-1-0.dll
 0000:ffff4000       .debug$S                   10000000     vcruntime:VCRUNTIME140.dll
 0000:ffff4000       .debug$S                   10000000     vcruntime:VCRUNTIME140.dll
 0000:ffff4000       .debug$S                   10000000     vcruntime:VCRUNTIME140.dll
 0000:ffff4000       .debug$S                   10000000     vcruntime:VCRUNTIME140.dll
 0000:ffff4000       .debug$S                   10000000     vcruntime:VCRUNTIME140.dll
 0000:ffff4000       .debug$S                   10000000     vcruntime:VCRUNTIME140.dll
 0000:ffff4000       .debug$S                   10000000     vcruntime:VCRUNTIME140.dll
 0000:ffff4000       .debug$S                   10000000     vcruntime:VCRUNTIME140.dll
 0000:ffff4000       .debug$S                   10000000     vcruntime:VCRUNTIME140.dll
 0001:00003857       ??$_Reallocate_for@V<lambda_9366063389c5f42a00a5088cf24e69de>@@PBD@?$basic_string@DU?$char_traits@D@std@@V?$allocator@D@2@@std@@QAEAAV01@IV<lambda_9366063389c5f42a00a5088cf24e69de>@@PBD@Z 10004857 f   Base.obj
 0001:00003fe8       _FindHookEntry             10004fe8 f   hook.obj
 0001:0000400c       _AddHookEntry              1000500c f   hook.obj
 0001:00004090       _ProcessThreadIPs          10005090 f   hook.obj
 0001:000041e4       _EnumerateThreads          100051e4 f   hook.obj
 0001:000042ca       _Freeze                    100052ca f   hook.obj
 0001:0000432e       _Unfreeze                  1000532e f   hook.obj
 0001:0000437e       _EnableHookLL              1000537e f   hook.obj
 0001:00004462       _EnableAllHooksLL          10005462 f   hook.obj
 0001:0000450c       _EnterSpinLock             1000550c f   hook.obj
 0001:00004705       _EnableHook                10005705 f   hook.obj
 0001:00004786       _IsCodePadding             10005786 f   trampoline.obj
 0001:00004a92       ?dllmain_crt_dispatch@@YGHQAUHINSTANCE__@@KQAX@Z 10005a92 f   MSVCRT:dll_dllmain.obj
 0001:00004ae5       ?dllmain_crt_process_attach@@YAHQAUHINSTANCE__@@QAX@Z 10005ae5 f   MSVCRT:dll_dllmain.obj
 0001:00004bef       ?dllmain_crt_process_detach@@YAH_N@Z 10005bef f   MSVCRT:dll_dllmain.obj
 0001:00004c81       ?dllmain_dispatch@@YAHQAUHINSTANCE__@@KQAX@Z 10005c81 f   MSVCRT:dll_dllmain.obj
 0001:00004d87       ?dllmain_raw@@YGHQAUHINSTANCE__@@KQAX@Z 10005d87 f   MSVCRT:dll_dllmain.obj
 0001:00005012       ___get_entropy             10006012 f   MSVCRT:gs_support.obj
 0001:000050e5       ?find_pe_section@@YAPAU_IMAGE_SECTION_HEADER@@QAEI@Z 100060e5 f   MSVCRT:utility.obj
 0001:00005560       $$000000                   10006560     MSVCRT:_sehprolg4_.obj
 0001:000058c0       $$000000                   100068c0     MSVCRT:_ftol3_.obj
 0001:00005c6d       __unwindfunclet$?EndScene_hook@@YGJPAUIDirect3DDevice9@@@Z$0 10006c6d f   Base.obj
 0001:00005c75       __unwindfunclet$?EndScene_hook@@YGJPAUIDirect3DDevice9@@@Z$1 10006c75 f   Base.obj
 0001:00005c7d       __unwindfunclet$?EndScene_hook@@YGJPAUIDirect3DDevice9@@@Z$2 10006c7d f   Base.obj
 0001:00005c88       __unwindfunclet$?EndScene_hook@@YGJPAUIDirect3DDevice9@@@Z$3 10006c88 f   Base.obj
 0001:00005c90       __unwindfunclet$?EndScene_hook@@YGJPAUIDirect3DDevice9@@@Z$4 10006c90 f   Base.obj
 0001:00005c9b       __unwindfunclet$?EndScene_hook@@YGJPAUIDirect3DDevice9@@@Z$5 10006c9b f   Base.obj
 0001:00005ca6       __unwindfunclet$?EndScene_hook@@YGJPAUIDirect3DDevice9@@@Z$6 10006ca6 f   Base.obj
 0001:00005cb1       __unwindfunclet$?EndScene_hook@@YGJPAUIDirect3DDevice9@@@Z$7 10006cb1 f   Base.obj
 0001:00005cbc       __unwindfunclet$?EndScene_hook@@YGJPAUIDirect3DDevice9@@@Z$8 10006cbc f   Base.obj
 0001:00005cc7       __ehhandler$?EndScene_hook@@YGJPAUIDirect3DDevice9@@@Z 10006cc7 f   Base.obj
 0002:00000194       _GS_ExceptionPointers      10007194     MSVCRT:gs_report.obj
 0002:00000770       _Int32ToUInt32             10007770     MSVCRT:_ftol3_.obj
 0002:00000778       _DP2to32                   10007778     MSVCRT:_ftol3_.obj
 0002:00000780       _MantissaMask              10007780     MSVCRT:_ftol3_.obj
 0002:00000788       _IntegerBit                10007788     MSVCRT:_ftol3_.obj
 0002:00000790       _SignBit64                 10007790     MSVCRT:_ftol3_.obj
 0002:00000798       _MinFP64                   10007798     MSVCRT:_ftol3_.obj
 0002:000007a0       _MinInt64                  100077a0     MSVCRT:_ftol3_.obj
 0002:000007a8       _MaxInt64                  100077a8     MSVCRT:_ftol3_.obj
 0002:000007b0       _MaxUInt64                 100077b0     MSVCRT:_ftol3_.obj
 0002:000007b8       _MaxFP32                   100077b8     MSVCRT:_ftol3_.obj
 0002:000007c0       _MinFP32                   100077c0     MSVCRT:_ftol3_.obj
 0002:000007c8       _MinSubInexact             100077c8     MSVCRT:_ftol3_.obj
 0002:000007d0       _FpExcptTable              100077d0     MSVCRT:_ftol3_.obj
 0002:000007e0       _i1075                     100077e0     MSVCRT:_ftol3_.obj
 0002:000007e4       _i1087                     100077e4     MSVCRT:_ftol3_.obj
 0002:000007e8       _x0800                     100077e8     MSVCRT:_ftol3_.obj
 0002:000007ec       _x17FF                     100077ec     MSVCRT:_ftol3_.obj
 0002:000007f0       _CWMask                    100077f0     MSVCRT:_ftol3_.obj
 0002:00000d18       __ehfuncinfo$?EndScene_hook@@YGJPAUIDirect3DDevice9@@@Z 10007d18     Base.obj
 0002:00000d40       __unwindtable$?EndScene_hook@@YGJPAUIDirect3DDevice9@@@Z 10007d40     Base.obj
 0002:00000d88       __sehtable$?dllmain_crt_process_attach@@YAHQAUHINSTANCE__@@QAX@Z 10007d88     MSVCRT:dll_dllmain.obj
 0002:00000da8       __sehtable$?dllmain_crt_process_detach@@YAH_N@Z 10007da8     MSVCRT:dll_dllmain.obj
 0002:00000dc8       __sehtable$?dllmain_dispatch@@YAHQAUHINSTANCE__@@KQAX@Z 10007dc8     MSVCRT:dll_dllmain.obj
 0002:00000e78       __sehtable$___scrt_is_nonwritable_in_current_image 10007e78     MSVCRT:utility.obj
 0002:000012a2       .idata$6                   100082a2     kernel32:KERNEL32.dll
 0002:00001344       .idata$6                   10008344     user32:USER32.dll
 0002:00001370       .idata$6                   10008370     msvcprt:MSVCP140.dll
 0002:00001390       .idata$6                   10008390     d3d9:d3d9.dll
 0002:000013be       .idata$6                   100083be     d3dx9:d3dx9_43.dll
 0002:00001478       .idata$6                   10008478     vcruntime:VCRUNTIME140.dll
 0002:00001590       .idata$6                   10008590     ucrt:api-ms-win-crt-stdio-l1-1-0.dll
 0002:000015b0       .idata$6                   100085b0     ucrt:api-ms-win-crt-runtime-l1-1-0.dll
 0002:000015d2       .idata$6                   100085d2     ucrt:api-ms-win-crt-heap-l1-1-0.dll
 0002:00001756       .idata$6                   10008756     ucrt:api-ms-win-crt-math-l1-1-0.dll
 0003:000002d0       ?__proc_attached@@3HA      100092d0     MSVCRT:dll_dllmain.obj
 0003:000002d8       _GS_ExceptionRecord        100092d8     MSVCRT:gs_report.obj
 0003:00000328       _GS_ContextRecord          10009328     MSVCRT:gs_report.obj
 0003:00000610       ?is_initialized_as_dll@@3_NA 10009610     MSVCRT:utility.obj
 0003:00000611       ?module_local_atexit_table_initialized@@3_NA 10009611     MSVCRT:utility.obj
 0003:00000614       ?module_local_atexit_table@@3U_onexit_table_t@@A 10009614     MSVCRT:utility.obj
 0003:00000620       ?module_local_at_quick_exit_table@@3U_onexit_table_t@@A 10009620     MSVCRT:utility.obj
 0003:00000718       ?kPressingKeys@@3PAU_Keys@@A 10009718     Base.obj
 0004:000000a0       $R000000                   1000a0a0     MinHook.res
 0004:00000400       $R000360                   1000a400     MinHook.res
